==> ra8-firmware MC/DC report
    CC            = clang-18
    CXX           = clang++-18
    llvm-profdata = /usr/bin/llvm-profdata-18
    llvm-cov      = /usr/bin/llvm-cov-18
    MC/DC support = yes
    build dir     = /home/bsikar/ra8-ws/esphport/tests/build-cov
    report dir    = /home/bsikar/ra8-ws/esphport/build/mcdc-report
    threshold     = 0%

==> [1/5] Configuring tests/ with RA8_MCDC=ON
==> [2/5] Building host tests
[ 98%] Building C object CMakeFiles/test_ra8_cache_store.dir/home/bsikar/ra8-ws/esphport/libs/third_party/levelx/common/src/lx_nor_flash_next_block_to_erase_find.c.o
[ 98%] Building C object CMakeFiles/test_cache_store_demo.dir/home/bsikar/ra8-ws/esphport/libs/ra8_cache_store/src/ra8_cache_store_mount.c.o
[ 99%] Building C object CMakeFiles/test_ra8_cache_store.dir/home/bsikar/ra8-ws/esphport/libs/third_party/levelx/common/src/lx_nor_flash_open.c.o
[ 99%] Building C object CMakeFiles/test_cache_store_demo.dir/home/bsikar/ra8-ws/esphport/libs/third_party/levelx/common/src/lx_nor_flash_block_reclaim.c.o
[ 99%] Building C object CMakeFiles/test_ra8_cache_store.dir/home/bsikar/ra8-ws/esphport/libs/third_party/levelx/common/src/lx_nor_flash_open_extended.c.o
[ 99%] Building C object CMakeFiles/test_cache_store_demo.dir/home/bsikar/ra8-ws/esphport/libs/third_party/levelx/common/src/lx_nor_flash_close.c.o
[ 99%] Building C object CMakeFiles/test_ra8_cache_store.dir/home/bsikar/ra8-ws/esphport/libs/third_party/levelx/common/src/lx_nor_flash_partial_defragment.c.o
[ 99%] Building C object CMakeFiles/test_cache_store_demo.dir/home/bsikar/ra8-ws/esphport/libs/third_party/levelx/common/src/lx_nor_flash_defragment.c.o
[ 99%] Building C object CMakeFiles/test_ra8_cache_store.dir/home/bsikar/ra8-ws/esphport/libs/third_party/levelx/common/src/lx_nor_flash_physical_sector_allocate.c.o
[ 99%] Building C object CMakeFiles/test_cache_store_demo.dir/home/bsikar/ra8-ws/esphport/libs/third_party/levelx/common/src/lx_nor_flash_driver_block_erase.c.o
[ 99%] Building C object CMakeFiles/test_ra8_cache_store.dir/home/bsikar/ra8-ws/esphport/libs/third_party/levelx/common/src/lx_nor_flash_sector_mapping_cache_invalidate.c.o
[ 99%] Building C object CMakeFiles/test_cache_store_demo.dir/home/bsikar/ra8-ws/esphport/libs/third_party/levelx/common/src/lx_nor_flash_driver_read.c.o
[ 99%] Building C object CMakeFiles/test_ra8_cache_store.dir/home/bsikar/ra8-ws/esphport/libs/third_party/levelx/common/src/lx_nor_flash_sector_read.c.o
[ 99%] Building C object CMakeFiles/test_cache_store_demo.dir/home/bsikar/ra8-ws/esphport/libs/third_party/levelx/common/src/lx_nor_flash_driver_write.c.o
[ 99%] Building C object CMakeFiles/test_ra8_cache_store.dir/home/bsikar/ra8-ws/esphport/libs/third_party/levelx/common/src/lx_nor_flash_sector_release.c.o
[ 99%] Building C object CMakeFiles/test_cache_store_demo.dir/home/bsikar/ra8-ws/esphport/libs/third_party/levelx/common/src/lx_nor_flash_extended_cache_enable.c.o
[ 99%] Building C object CMakeFiles/test_ra8_cache_store.dir/home/bsikar/ra8-ws/esphport/libs/third_party/levelx/common/src/lx_nor_flash_sector_write.c.o
[ 99%] Building C object CMakeFiles/test_cache_store_demo.dir/home/bsikar/ra8-ws/esphport/libs/third_party/levelx/common/src/lx_nor_flash_format.c.o
[ 99%] Building C object CMakeFiles/test_ra8_cache_store.dir/home/bsikar/ra8-ws/esphport/libs/third_party/levelx/common/src/lx_nor_flash_system_error.c.o
[ 99%] Building C object CMakeFiles/test_cache_store_demo.dir/home/bsikar/ra8-ws/esphport/libs/third_party/levelx/common/src/lx_nor_flash_initialize.c.o
[ 99%] Building C object CMakeFiles/test_ra8_cache_store.dir/mocks/lx_nor_sim_ram.c.o
[ 99%] Building C object CMakeFiles/test_cache_store_demo.dir/home/bsikar/ra8-ws/esphport/libs/third_party/levelx/common/src/lx_nor_flash_logical_sector_find.c.o
[ 99%] Linking CXX executable test_ra8_cache_store
[ 99%] Building C object CMakeFiles/test_cache_store_demo.dir/home/bsikar/ra8-ws/esphport/libs/third_party/levelx/common/src/lx_nor_flash_next_block_to_erase_find.c.o
[100%] Building C object CMakeFiles/test_cache_store_demo.dir/home/bsikar/ra8-ws/esphport/libs/third_party/levelx/common/src/lx_nor_flash_open.c.o
[100%] Building C object CMakeFiles/test_cache_store_demo.dir/home/bsikar/ra8-ws/esphport/libs/third_party/levelx/common/src/lx_nor_flash_open_extended.c.o
[100%] Building C object CMakeFiles/test_cache_store_demo.dir/home/bsikar/ra8-ws/esphport/libs/third_party/levelx/common/src/lx_nor_flash_partial_defragment.c.o
[100%] Building C object CMakeFiles/test_cache_store_demo.dir/home/bsikar/ra8-ws/esphport/libs/third_party/levelx/common/src/lx_nor_flash_physical_sector_allocate.c.o
[100%] Building C object CMakeFiles/test_cache_store_demo.dir/home/bsikar/ra8-ws/esphport/libs/third_party/levelx/common/src/lx_nor_flash_sector_mapping_cache_invalidate.c.o
[100%] Building C object CMakeFiles/test_cache_store_demo.dir/home/bsikar/ra8-ws/esphport/libs/third_party/levelx/common/src/lx_nor_flash_sector_read.c.o
[100%] Building C object CMakeFiles/test_cache_store_demo.dir/home/bsikar/ra8-ws/esphport/libs/third_party/levelx/common/src/lx_nor_flash_sector_release.c.o
gmake[3]: Leaving directory '/home/bsikar/ra8-ws/esphport/tests/build-cov'
[100%] Built target test_ra8_cache_store
[100%] Building C object CMakeFiles/test_cache_store_demo.dir/home/bsikar/ra8-ws/esphport/libs/third_party/levelx/common/src/lx_nor_flash_sector_write.c.o
[100%] Building C object CMakeFiles/test_cache_store_demo.dir/home/bsikar/ra8-ws/esphport/libs/third_party/levelx/common/src/lx_nor_flash_system_error.c.o
[100%] Linking CXX executable test_cache_store_demo
gmake[3]: Leaving directory '/home/bsikar/ra8-ws/esphport/tests/build-cov'
[100%] Built target test_cache_store_demo
gmake[2]: Leaving directory '/home/bsikar/ra8-ws/esphport/tests/build-cov'
gmake[1]: Leaving directory '/home/bsikar/ra8-ws/esphport/tests/build-cov'
==> [3/5] Running tests with LLVM_PROFILE_FILE
    542 passed, 0 failed (of 542 test binaries)
==> [4/5] Merging profiles via llvm-profdata
==> [5/5] Generating MC/DC report via llvm-cov

==> MC/DC summary (tail of /home/bsikar/ra8-ws/esphport/build/mcdc-report/summary.txt):
src/secure_app/key_vault.c                                                                   111                 0   100.00%          10                 0   100.00%         149                 0   100.00%          52                 0   100.00%                   2                    0   100.00%
src/secure_app/ota_commit.c                                                                   30                 0   100.00%           5                 0   100.00%          38                 0   100.00%          12                 0   100.00%                   2                    0   100.00%
src/secure_app/sec_cmac.c                                                                    146                 1    99.32%          12                 0   100.00%         189                 2    98.94%          88                 1    98.86%                  10                    0   100.00%
src/secure_app/secure_trng.c                                                                  22                 0   100.00%           3                 0   100.00%          27                 0   100.00%          12                 0   100.00%                   4                    0   100.00%
tools/ra8_emulator/src/periph/board_periph_mstp_model.c                                       44                 3    93.18%          10                 0   100.00%          84                 6    92.86%          24                 4    83.33%                   2                    0   100.00%
tools/vela/generated/ra8_npu_model_addk_sim.h                                                  2                 0   100.00%           2                 0   100.00%           6                 0   100.00%           0                 0         -                   0                    0         -

Files which contain no functions:
libs/ra8_core/inc/ra8_check.h                                                                  0                 0         -           0                 0         -           0                 0         -           0                 0         -                   0                    0         -
libs/ra8_core/inc/ra8_log.h                                                                    0                 0         -           0                 0         -           0                 0         -           0                 0         -                   0                    0         -
libs/ra8_core/inc/ra8_port_constants.h                                                         0                 0         -           0                 0         -           0                 0         -           0                 0         -                   0                    0         -
libs/ra8_core/inc/ra8_stack_budget.h                                                           0                 0         -           0                 0         -           0                 0         -           0                 0         -                   0                    0         -
libs/ra8_nsc/inc/ra8_nsc_veneer.h                                                              0                 0         -           0                 0         -           0                 0         -           0                 0         -                   0                    0         -
port/esp-hosted/inc/idf_compat/esp_log.h                                                       0                 0         -           0                 0         -           0                 0         -           0                 0         -                   0                    0         -
port/esp-hosted/inc/port_esp_hosted_host_config.h                                              0                 0         -           0                 0         -           0                 0         -           0                 0         -                   0                    0         -
port/esp-hosted/inc/port_esp_hosted_host_config_transports.h                                   0                 0         -           0                 0         -           0                 0         -           0                 0         -                   0                    0         -
port/esp-hosted/inc/port_esp_hosted_host_os.h                                                  0                 0         -           0                 0         -           0                 0         -           0                 0         -                   0                    0         -
port/esp-hosted/inc/port_esp_hosted_host_spi.h                                                 0                 0         -           0                 0         -           0                 0         -           0                 0         -                   0                    0         -
-------------------------------------------------------------------------------------------------------------------------------------------------------------------------------------------------------------------------------------------------------------------------------------------------------------------------------------------------
TOTAL                                                                                      51792              3754    92.75%        4952                57    98.85%       65713              3196    95.14%       27284              2920    89.30%                2490                  189    92.41%

Full per-file MC/DC dump : /home/bsikar/ra8-ws/esphport/build/mcdc-report/mcdc.txt
Per-file numeric summary : /home/bsikar/ra8-ws/esphport/build/mcdc-report/summary.txt

==> First-party absolute MC/DC coverage: 92.41% (informational)
Wrote docs/MCDC_GAPS.csv (173 gap rows; 90 deactivated, 83 reachable), docs/MCDC_GAPS.md, docs/MCDC_DEACTIVATIONS.md. Absolute MC/DC: 85.63%; reachable MC/DC: 92.55%.

check_mcdc_floor.py: PASS -- all 202 first-party file(s) with a reachable decision are >= 100% MC/DC.
==> First-party reachable MC/DC coverage: 92.5494% (threshold 0%)
    (Deactivated conditions excluded per DO-178C 6.4.4.3;
     see docs/MCDC_DEACTIVATIONS.md.)
PASS: reachable MC/DC meets threshold
